---
source: cargo-dist-schema/src/lib.rs
expression: json_schema
---
{
  "$schema": "http://json-schema.org/draft-07/schema#",
  "title": "DistManifest",
  "description": "A report of the releases and artifacts that cargo-dist generated",
  "type": "object",
  "properties": {
    "dist_version": {
      "description": "The version of cargo-dist that generated this",
      "type": [
        "string",
        "null"
      ]
    },
    "releases": {
      "description": "App releases we're distributing",
      "type": "array",
      "items": {
        "$ref": "#/definitions/Release"
      }
    }
  },
  "definitions": {
    "Artifact": {
      "description": "A distributable bundle that's part of a Release\n\ni.e. a zip or installer",
      "type": "object",
      "oneOf": [
        {
          "description": "A zip or a tarball",
          "type": "object",
          "required": [
            "kind"
          ],
          "properties": {
            "kind": {
              "type": "string",
              "enum": [
                "executable-zip"
              ]
            }
          }
        },
        {
          "description": "Standalone Symbols/Debuginfo for a build",
          "type": "object",
          "required": [
            "kind"
          ],
          "properties": {
            "kind": {
              "type": "string",
              "enum": [
                "symbols"
              ]
            }
          }
        },
        {
          "description": "Machine-readable metadata",
          "type": "object",
          "required": [
            "kind"
          ],
          "properties": {
            "kind": {
              "type": "string",
              "enum": [
                "dist-metadata"
              ]
            }
          }
        },
        {
          "description": "Installer",
          "type": "object",
          "required": [
            "kind"
          ],
          "properties": {
            "kind": {
              "type": "string",
              "enum": [
                "installer"
              ]
            }
          }
        },
        {
          "description": "Unknown to this version of cargo-dist-schema\n\nThis is a fallback for forward/backward-compat",
          "type": "object",
          "required": [
            "kind"
          ],
          "properties": {
            "kind": {
              "type": "string",
              "enum": [
                "unknown"
              ]
            }
          }
        }
      ],
      "required": [
        "name"
      ],
      "properties": {
        "assets": {
          "description": "Assets included in the bundle (like executables and READMEs)",
          "type": "array",
          "items": {
            "$ref": "#/definitions/Asset"
          }
        },
        "install_hint": {
          "description": "A string describing how to install this",
          "type": [
            "string",
            "null"
          ]
        },
        "name": {
          "description": "The unique name of the artifact (e.g. `myapp-v1.0.0-x86_64-pc-windows-msvc.zip`)",
          "type": "string"
        },
        "path": {
          "description": "The location of the artifact on the local system",
          "type": [
            "string",
            "null"
          ]
        },
        "target_triples": {
          "description": "The target triple of the bundle",
          "type": "array",
          "items": {
            "type": "string"
          }
        }
      }
    },
    "Asset": {
      "description": "An asset contained in an artifact (executable, license, etc.)",
      "type": "object",
      "oneOf": [
        {
          "description": "An executable artifact",
          "type": "object",
          "required": [
            "kind"
          ],
          "properties": {
            "kind": {
              "type": "string",
              "enum": [
                "executable"
              ]
            },
            "symbols_artifact": {
              "description": "The name of the Artifact containing symbols for this executable",
              "type": [
                "string",
                "null"
              ]
            }
          }
        },
        {
          "description": "A README file",
          "type": "object",
          "required": [
            "kind"
          ],
          "properties": {
            "kind": {
              "type": "string",
              "enum": [
                "readme"
              ]
            }
          }
        },
        {
          "description": "A LICENSE file",
          "type": "object",
          "required": [
            "kind"
          ],
          "properties": {
            "kind": {
              "type": "string",
              "enum": [
                "license"
              ]
            }
          }
        },
        {
          "description": "A CHANGELOG or RELEASES file",
          "type": "object",
          "required": [
            "kind"
          ],
          "properties": {
            "kind": {
              "type": "string",
              "enum": [
                "changelog"
              ]
            }
          }
        },
        {
          "description": "Unknown to this version of cargo-dist-schema\n\nThis is a fallback for forward/backward-compat",
          "type": "object",
          "required": [
            "kind"
          ],
          "properties": {
            "kind": {
              "type": "string",
              "enum": [
                "unknown"
              ]
            }
          }
        }
      ],
      "properties": {
        "name": {
          "description": "The high-level name of the asset",
          "type": [
            "string",
            "null"
          ]
        },
        "path": {
          "description": "The path of the asset relative to the root of the artifact",
          "type": [
            "string",
            "null"
          ]
        }
      }
    },
    "Release": {
      "description": "A Release of an Application",
      "type": "object",
      "required": [
        "app_name",
        "app_version"
      ],
      "properties": {
        "app_name": {
          "description": "The name of the app",
          "type": "string"
        },
        "app_version": {
          "description": "The version of the app",
          "type": "string"
        },
        "artifacts": {
          "description": "The artifacts for this release (zips, debuginfo, metadata...)",
          "type": "array",
          "items": {
            "$ref": "#/definitions/Artifact"
          }
        }
      }
    }
  }
}
